// Jest Snapshot v1, https://goo.gl/fbAQLP

exports[`MovieDetailsPage tests Should match snapshot 1`] = `<WithStyles(ForwardRef(LinearProgress)) />`;
